// Jest Snapshot v1, https://goo.gl/fbAQLP

exports[`EnergyMonitor should render correctly 1`] = `
<div>
  Energy Monitor
</div>
`;
